[PASS] 평가 스키마 검증(pydantic) — devset·holdout 모두 통과
[PASS] 총 160문항 — 160문항
[PASS] 유형별 분포 일치 — 9개 유형 모두 일치
[PASS] 확정 라벨의 근거 존재 — 누락 []
[PASS] 답변 가능 질문의 필수 기능 지정 — 누락 []
[PASS] 답변 불가 질문의 기대 행동 지정 — 누락 []
[PASS] 질문 문자열 비어있지 않음 — 빈 질문 []
[PASS] 기대 숫자에 단위 존재 — 누락 []
[PASS] 거래일 YYYY-MM-DD 형식 — 형식 오류 []
[PASS] 사업연도 4자리 형식 — 형식 오류 []
[PASS] 종목코드 6자리 형식 — 형식 오류 []
[PASS] 개발·홀드아웃 id 중복 없음 — 중복 []
[PASS] 개발·홀드아웃 질문 중복 없음 — 중복 질문 []
[PASS] 전체 질문 중복 없음 — 중복 []
[PASS] 개발셋 120문항 — 120문항
[PASS] 홀드아웃 40문항 — 40문항
[PASS] 확정 라벨의 원본 추적 가능 — 추적 불가 []
[PASS] 미확정 라벨에 사유 기록 — 미확정 0건, 사유 누락 []
[PASS] 재무 정답 식별자 DB 실재 — 25/25 확인, 누락 []
[PASS] 공시 정답 접수번호 DB 실재 — 20/20 확인, 누락 []
[PASS] 용어 정답 표제어 DB 실재 — 15/15 확인, 누락 []
[PASS] 뉴스 canonical Gold 현행 document/chunk 해석 — 25/25 확인, 문제 []
[PASS] 리포트 정답 청크 실재·리포트 연결·페이지 범위 — 62/62 확인, 문제 []
[PASS] 리포트 목표주가 stated(전망값) 구분 — 20/20 확인, 문제 []

수동 검토 필요 라벨: 0건

24/24 통과
