[01/40] h-term-12 attempt=1 stop=completed statuses=ok latency=4814ms retry=False
[02/40] h-term-13 attempt=1 stop=completed statuses=ok latency=3020ms retry=False
[03/40] h-term-14 attempt=1 stop=completed statuses=ok latency=6534ms retry=False
[04/40] h-term-15 attempt=1 stop=completed statuses=ok latency=3319ms retry=False
[05/40] h-fin-20 attempt=1 stop=completed statuses=ok latency=2934ms retry=False
[06/40] h-fin-21 attempt=1 stop=completed statuses=ok latency=3021ms retry=False
[07/40] h-fin-22 attempt=1 stop=completed statuses=ok latency=2629ms retry=False
[08/40] h-fin-23 attempt=1 stop=completed statuses=ok latency=2848ms retry=False
[09/40] h-fin-24 attempt=1 stop=completed statuses=ok latency=2628ms retry=False
[10/40] h-fin-25 attempt=1 stop=completed statuses=ok latency=2720ms retry=False
[11/40] h-news-20 attempt=1 stop=completed statuses=ok latency=8185ms retry=False
[12/40] h-news-21 attempt=1 stop=completed statuses=ok latency=6012ms retry=False
[13/40] h-news-22 attempt=1 stop=completed statuses=ok latency=8086ms retry=False
[14/40] h-news-23 attempt=1 stop=completed statuses=ok latency=5773ms retry=False
[15/40] h-news-24 attempt=1 stop=completed statuses=ok,ok latency=8645ms retry=False
[16/40] h-news-25 attempt=1 stop=completed statuses=ok latency=5905ms retry=False
[17/40] h-disc-16 attempt=1 stop=completed statuses=ok latency=3573ms retry=False
[18/40] h-disc-17 attempt=1 stop=completed statuses=ok latency=5636ms retry=False
[19/40] h-disc-18 attempt=1 stop=completed statuses=ok latency=6140ms retry=False
[20/40] h-disc-19 attempt=1 stop=completed statuses=ok latency=3902ms retry=False
[21/40] h-disc-20 attempt=1 stop=completed statuses=ok latency=5046ms retry=False
[22/40] h-report-16 attempt=1 stop=completed statuses=ok latency=5023ms retry=False
[23/40] h-report-17 attempt=1 stop=completed statuses=ok latency=2969ms retry=False
[24/40] h-report-18 attempt=1 stop=completed statuses=ok latency=7727ms retry=False
[25/40] h-report-19 attempt=1 stop=completed statuses=ok latency=2982ms retry=False
[26/40] h-report-20 attempt=1 stop=completed statuses=ok latency=4667ms retry=False
[27/40] h-mix-16 attempt=1 stop=completed statuses=ok,ok latency=5439ms retry=False
[28/40] h-mix-17 attempt=1 stop=completed statuses=ok,ok latency=4236ms retry=False
[29/40] h-mix-18 attempt=1 stop=completed statuses=ok,ok latency=4564ms retry=False
[30/40] h-mix-19 attempt=1 stop=completed statuses=ok,ok latency=4496ms retry=False
[31/40] h-mix-20 attempt=1 stop=completed statuses=ok,None,ok,ok latency=6777ms retry=False
[32/40] h-excl-12 attempt=1 stop=completed statuses=ok latency=2396ms retry=False
[33/40] h-excl-13 attempt=1 stop=completed statuses=ok latency=2211ms retry=False
[34/40] h-excl-14 attempt=1 stop=completed statuses=ok latency=2140ms retry=False
[35/40] h-excl-15 attempt=1 stop=completed statuses=ok latency=1815ms retry=False
[36/40] h-ctx-08 attempt=1 stop=completed statuses=ok latency=4598ms retry=False
[37/40] h-ctx-09 attempt=1 stop=completed statuses=ok latency=5624ms retry=False
[38/40] h-ctx-10 attempt=1 stop=completed statuses=ok latency=2108ms retry=False
[39/40] h-na-09 attempt=1 stop=completed statuses=None,None,ok,ok latency=5626ms retry=False
[40/40] h-na-10 attempt=1 stop=completed statuses=- latency=1566ms retry=False
RUN_COMPLETE formal=39/40 runtime_failures=2 statuses={'ok': 47, 'no_data': 0, 'error': 0, 'null': 3}
